[2026-10-04 04:27:09.944] [ClientLog] [info] Registering lua type LuaEntity
[2026-10-04 04:27:09.944] [EngineLog] [info] Lua script loaded successfully: /home/runner/work/IrredenEngine/IrredenEngine/build/creations/demos/perf_grid/scripts/config.lua
[2026-10-04 04:27:09.945] [ClientLog] [info] Registering lua type LuaEntity
[2026-10-04 04:27:09.945] [EngineLog] [info] Lua script loaded successfully: /home/runner/work/IrredenEngine/IrredenEngine/build/creations/demos/perf_grid/scripts/config.lua
[2026-10-04 04:27:09.957] [EngineLog] [info] Discovered 1 display monitors
[2026-10-04 04:27:09.957] [EngineLog] [info] Monitor 0: 'screen' @ (0, 0), mode=1280x1024 0Hz
[2026-10-04 04:27:10.011] [EngineLog] [info] Created IRGLFWWindow.
[2026-10-04 04:27:10.011] [ClientLog] [info] Registering lua type LuaEntity
[2026-10-04 04:27:10.073] [EngineLog] [info] Created archetype node with components: [ ], id=0
[2026-10-04 04:27:10.073] [EngineLog] [info] Created EntityManager (IR_MAX_ENTITIES=33554431)
[2026-10-04 04:27:10.073] [EngineLog] [info] Created SystemManager
[2026-10-04 04:27:10.074] [EngineLog] [info] JobManager: started with 2 worker threads
[2026-10-04 04:27:10.074] [EngineLog] [info] Regestered component type=N12IRComponents16C_LocalTransformE, sizeof=44 with id=256
[2026-10-04 04:27:10.074] [EngineLog] [info] Regestered component type=N12IRComponents16C_WorldTransformE, sizeof=40 with id=257
[2026-10-04 04:27:10.074] [EngineLog] [info] Regestered component type=N12IRComponents16C_KeyMouseButtonE, sizeof=4 with id=258
[2026-10-04 04:27:10.074] [EngineLog] [info] Regestered component type=N12IRComponents11C_KeyStatusE, sizeof=12 with id=259
[2026-10-04 04:27:10.074] [EngineLog] [info] Created archetype node with components: [ 256 ], id=1
[2026-10-04 04:27:10.074] [EngineLog] [info] Created archetype node with components: [ 256 257 ], id=2
[2026-10-04 04:27:10.074] [EngineLog] [info] Created archetype node with components: [ 256 257 258 ], id=3
[2026-10-04 04:27:10.074] [EngineLog] [info] Created archetype node with components: [ 256 257 258 259 ], id=4
[2026-10-04 04:27:10.074] [EngineLog] [info] Joystick 0 not present
[2026-10-04 04:27:10.074] [EngineLog] [info] Joystick 1 not present
[2026-10-04 04:27:10.074] [EngineLog] [info] Joystick 2 not present
[2026-10-04 04:27:10.074] [EngineLog] [info] Joystick 3 not present
[2026-10-04 04:27:10.074] [EngineLog] [info] Joystick 4 not present
[2026-10-04 04:27:10.074] [EngineLog] [info] Joystick 5 not present
[2026-10-04 04:27:10.074] [EngineLog] [info] Joystick 6 not present
[2026-10-04 04:27:10.074] [EngineLog] [info] Joystick 7 not present
[2026-10-04 04:27:10.074] [EngineLog] [info] Joystick 8 not present
[2026-10-04 04:27:10.074] [EngineLog] [info] Joystick 9 not present
[2026-10-04 04:27:10.074] [EngineLog] [info] Joystick 10 not present
[2026-10-04 04:27:10.074] [EngineLog] [info] Joystick 11 not present
[2026-10-04 04:27:10.074] [EngineLog] [info] Joystick 12 not present
[2026-10-04 04:27:10.074] [EngineLog] [info] Joystick 13 not present
[2026-10-04 04:27:10.074] [EngineLog] [info] Joystick 14 not present
[2026-10-04 04:27:10.074] [EngineLog] [info] Joystick 15 not present
[2026-10-04 04:27:10.074] [EngineLog] [info] Created InputManager
[2026-10-04 04:27:10.074] [EngineLog] [info] Created CommandManager
[2026-10-04 04:27:10.074] [EngineLog] [info] Creating an resource id pool. idCapacity=1048575
[2026-10-04 04:27:10.077] [EngineLog] [info] Registered resource type N8IRRender11ShaderStageE with ID=0
[2026-10-04 04:27:10.077] [EngineLog] [info] Registered resource type N8IRRender9Texture2DE with ID=1
[2026-10-04 04:27:10.077] [EngineLog] [info] Registered resource type N8IRRender9Texture3DE with ID=2
[2026-10-04 04:27:10.077] [EngineLog] [info] Registered resource type N8IRRender11FramebufferE with ID=3
[2026-10-04 04:27:10.077] [EngineLog] [info] Registered resource type N8IRRender14ShaderPipelineE with ID=4
[2026-10-04 04:27:10.077] [EngineLog] [info] Registered resource type N8IRRender6BufferE with ID=5
[2026-10-04 04:27:10.077] [EngineLog] [info] Registered resource type N8IRRender12VertexLayoutE with ID=6
[2026-10-04 04:27:10.077] [EngineLog] [info] Created RenderingResourceManager
[2026-10-04 04:27:10.077] [ClientLog] [info] Initalizing OpenGL render implementation.
[2026-10-04 04:27:10.077] [EngineLog] [info] Created GL buffer: 1
[2026-10-04 04:27:10.080] [EngineLog] [info] Created ResourceId=0, type=3
[2026-10-04 04:27:10.080] [EngineLog] [info] Regestered component type=N12IRComponents6C_NameE, sizeof=32 with id=385
[2026-10-04 04:27:10.080] [EngineLog] [info] Regestered component type=N12IRComponents25C_TrixelCanvasFramebufferE, sizeof=16 with id=386
[2026-10-04 04:27:10.080] [EngineLog] [info] Regestered component type=N12IRComponents30C_FrameDataTrixelToFramebufferE, sizeof=224 with id=387
[2026-10-04 04:27:10.080] [EngineLog] [info] Regestered component type=N12IRComponents11C_ZoomLevelE, sizeof=8 with id=388
[2026-10-04 04:27:10.080] [EngineLog] [info] Created archetype node with components: [ 256 257 385 ], id=5
[2026-10-04 04:27:10.080] [EngineLog] [info] Created archetype node with components: [ 256 257 385 386 ], id=6
[2026-10-04 04:27:10.080] [EngineLog] [info] Created archetype node with components: [ 256 257 385 386 387 ], id=7
[2026-10-04 04:27:10.080] [EngineLog] [info] Created archetype node with components: [ 256 257 385 386 387 388 ], id=8
[2026-10-04 04:27:10.080] [EngineLog] [info] Regestered component type=N12IRComponents23C_VoxelPoolTeardownHookE, sizeof=4 with id=389
[2026-10-04 04:27:10.080] [EngineLog] [info] Created archetype node with components: [ 389 ], id=9
[2026-10-04 04:27:10.081] [EngineLog] [info] Created ResourceId=1, type=1
[2026-10-04 04:27:10.082] [EngineLog] [info] Created ResourceId=2, type=1
[2026-10-04 04:27:10.083] [EngineLog] [info] Created ResourceId=3, type=1
[2026-10-04 04:27:10.083] [EngineLog] [info] Created ResourceId=4, type=1
[2026-10-04 04:27:10.083] [EngineLog] [info] Created ResourceId=5, type=1
[2026-10-04 04:27:10.083] [EngineLog] [info] Created ResourceId=6, type=1
[2026-10-04 04:27:10.083] [EngineLog] [info] Created ResourceId=7, type=1
[2026-10-04 04:27:10.083] [EngineLog] [info] Created ResourceId=8, type=1
[2026-10-04 04:27:10.083] [EngineLog] [info] Created ResourceId=9, type=1
[2026-10-04 04:27:10.083] [EngineLog] [info] Created ResourceId=10, type=1
[2026-10-04 04:27:10.083] [EngineLog] [info] Created ResourceId=11, type=1
[2026-10-04 04:27:10.083] [EngineLog] [info] Created ResourceId=12, type=1
[2026-10-04 04:27:10.083] [EngineLog] [info] Created ResourceId=13, type=1
[2026-10-04 04:27:10.089] [EngineLog] [info] Regestered component type=N12IRComponents11C_VoxelPoolE, sizeof=584 with id=392
[2026-10-04 04:27:10.089] [EngineLog] [info] Regestered component type=N12IRComponents15C_SizeTrianglesE, sizeof=8 with id=393
[2026-10-04 04:27:10.089] [EngineLog] [info] Regestered component type=N12IRComponents24C_TriangleCanvasTexturesE, sizeof=400 with id=394
[2026-10-04 04:27:10.089] [EngineLog] [info] Regestered component type=N12IRComponents21C_CanvasLocalRotationE, sizeof=44 with id=395
[2026-10-04 04:27:10.089] [EngineLog] [info] Regestered component type=N12IRComponents23C_PerAxisTrixelCanvasesE, sizeof=696 with id=396
[2026-10-04 04:27:10.089] [EngineLog] [info] Regestered component type=N12IRComponents26C_DetachedRevoxelizeBufferE, sizeof=96 with id=397
[2026-10-04 04:27:10.089] [EngineLog] [info] Created archetype node with components: [ 256 257 385 392 ], id=10
[2026-10-04 04:27:10.089] [EngineLog] [info] Created archetype node with components: [ 256 257 385 392 393 ], id=11
[2026-10-04 04:27:10.089] [EngineLog] [info] Created archetype node with components: [ 256 257 385 392 393 394 ], id=12
[2026-10-04 04:27:10.089] [EngineLog] [info] Created archetype node with components: [ 256 257 385 392 393 394 395 ], id=13
[2026-10-04 04:27:10.089] [EngineLog] [info] Created archetype node with components: [ 256 257 385 392 393 394 395 396 ], id=14
[2026-10-04 04:27:10.089] [EngineLog] [info] Created archetype node with components: [ 256 257 385 392 393 394 395 396 397 ], id=15
[2026-10-04 04:27:10.096] [EngineLog] [info] Regestered relation type=1 id=398 related to entity=384
[2026-10-04 04:27:10.096] [EngineLog] [info] Created archetype node with components: [ 256 257 385 392 393 394 395 396 397 398 ], id=16
[2026-10-04 04:27:10.100] [EngineLog] [info] Created voxel pool canvas 391 with framebuffer parent 384, size 642,722
[2026-10-04 04:27:10.101] [EngineLog] [info] Created ResourceId=14, type=1
[2026-10-04 04:27:10.102] [EngineLog] [info] Created ResourceId=15, type=1
[2026-10-04 04:27:10.103] [EngineLog] [info] Created ResourceId=16, type=1
[2026-10-04 04:27:10.103] [EngineLog] [info] Created ResourceId=17, type=1
[2026-10-04 04:27:10.103] [EngineLog] [info] Created ResourceId=18, type=1
[2026-10-04 04:27:10.103] [EngineLog] [info] Created ResourceId=19, type=1
[2026-10-04 04:27:10.103] [EngineLog] [info] Created ResourceId=20, type=1
[2026-10-04 04:27:10.103] [EngineLog] [info] Created ResourceId=21, type=1
[2026-10-04 04:27:10.103] [EngineLog] [info] Created ResourceId=22, type=1
[2026-10-04 04:27:10.103] [EngineLog] [info] Created ResourceId=23, type=1
[2026-10-04 04:27:10.103] [EngineLog] [info] Created ResourceId=24, type=1
[2026-10-04 04:27:10.103] [EngineLog] [info] Created ResourceId=25, type=1
[2026-10-04 04:27:10.103] [EngineLog] [info] Created ResourceId=26, type=1
[2026-10-04 04:27:10.103] [EngineLog] [info] Created archetype node with components: [ 256 257 385 393 ], id=17
[2026-10-04 04:27:10.103] [EngineLog] [info] Created archetype node with components: [ 256 257 385 393 394 ], id=18
[2026-10-04 04:27:10.103] [EngineLog] [info] Created archetype node with components: [ 256 257 385 393 394 398 ], id=19
[2026-10-04 04:27:10.103] [EngineLog] [info] Created trixel canvas 399 with framebuffer parent 384, size 642,722
[2026-10-04 04:27:10.104] [EngineLog] [info] Created ResourceId=27, type=1
[2026-10-04 04:27:10.105] [EngineLog] [info] Created ResourceId=28, type=1
[2026-10-04 04:27:10.106] [EngineLog] [info] Created ResourceId=29, type=1
[2026-10-04 04:27:10.106] [EngineLog] [info] Created ResourceId=30, type=1
[2026-10-04 04:27:10.106] [EngineLog] [info] Created ResourceId=31, type=1
[2026-10-04 04:27:10.106] [EngineLog] [info] Created ResourceId=32, type=1
[2026-10-04 04:27:10.106] [EngineLog] [info] Created ResourceId=33, type=1
[2026-10-04 04:27:10.106] [EngineLog] [info] Created ResourceId=34, type=1
[2026-10-04 04:27:10.106] [EngineLog] [info] Created ResourceId=35, type=1
[2026-10-04 04:27:10.106] [EngineLog] [info] Created ResourceId=36, type=1
[2026-10-04 04:27:10.106] [EngineLog] [info] Created ResourceId=37, type=1
[2026-10-04 04:27:10.106] [EngineLog] [info] Created ResourceId=38, type=1
[2026-10-04 04:27:10.106] [EngineLog] [info] Created ResourceId=39, type=1
[2026-10-04 04:27:10.106] [EngineLog] [info] Created trixel canvas 400 with framebuffer parent 384, size 642,722
[2026-10-04 04:27:10.106] [EngineLog] [info] Regestered component type=N12IRComponents8C_CameraE, sizeof=1 with id=402
[2026-10-04 04:27:10.106] [EngineLog] [info] Regestered component type=N12IRComponents15C_Position2DIsoE, sizeof=8 with id=403
[2026-10-04 04:27:10.106] [EngineLog] [info] Regestered component type=N12IRComponents15C_Velocity2DIsoE, sizeof=8 with id=404
[2026-10-04 04:27:10.106] [EngineLog] [info] Created archetype node with components: [ 256 257 388 ], id=20
[2026-10-04 04:27:10.106] [EngineLog] [info] Created archetype node with components: [ 256 257 388 402 ], id=21
[2026-10-04 04:27:10.106] [EngineLog] [info] Created archetype node with components: [ 256 257 388 402 403 ], id=22
[2026-10-04 04:27:10.106] [EngineLog] [info] Created archetype node with components: [ 256 257 388 402 403 404 ], id=23
[2026-10-04 04:27:10.106] [EngineLog] [info] Fit mode: 1
[2026-10-04 04:27:10.106] [EngineLog] [info] Voxel pool: edge=64 (262144 voxels)
[2026-10-04 04:27:10.106] [EngineLog] [info] Initializing OpenGL renderer implementation.
[2026-10-04 04:27:10.107] [EngineLog] [info] Regestered component type=N12IRComponents12C_PersistentE, sizeof=1 with id=405
[2026-10-04 04:27:10.107] [EngineLog] [info] Created archetype node with components: [ 256 257 388 402 403 404 405 ], id=24
[2026-10-04 04:27:10.107] [EngineLog] [info] Created archetype node with components: [ 256 257 385 386 387 388 405 ], id=25
[2026-10-04 04:27:10.107] [EngineLog] [info] Created archetype node with components: [ 256 257 385 392 393 394 395 396 397 398 405 ], id=26
[2026-10-04 04:27:10.112] [EngineLog] [info] Created archetype node with components: [ 256 257 385 393 394 398 405 ], id=27
[2026-10-04 04:27:10.112] [EngineLog] [info] Regestered component type=N12IRComponents28C_TrixelCanvasRenderBehaviorE, sizeof=24 with id=406
[2026-10-04 04:27:10.113] [EngineLog] [info] Created archetype node with components: [ 256 257 385 393 394 398 405 406 ], id=28
[2026-10-04 04:27:10.113] [EngineLog] [info] Created GL buffer: 2
[2026-10-04 04:27:10.113] [EngineLog] [info] Created ResourceId=40, type=5
[2026-10-04 04:27:10.113] [EngineLog] [info] Created GL buffer: 3
[2026-10-04 04:27:10.113] [EngineLog] [info] Created ResourceId=41, type=5
[2026-10-04 04:27:10.113] [EngineLog] [info] Created ResourceId=42, type=6
[2026-10-04 04:27:10.113] [EngineLog] [info]  Resource 42 named QuadVAO
[2026-10-04 04:27:10.113] [EngineLog] [info] Created GL buffer: 4
[2026-10-04 04:27:10.113] [EngineLog] [info] Created ResourceId=43, type=5
[2026-10-04 04:27:10.113] [EngineLog] [info] Created ResourceId=44, type=6
[2026-10-04 04:27:10.113] [EngineLog] [info]  Resource 44 named QuadVAOArrays
[2026-10-04 04:27:10.113] [EngineLog] [info] Created renderer.
ALSA lib confmisc.c:855:(parse_card) cannot find card '0'
ALSA lib conf.c:5208:(_snd_config_evaluate) function snd_func_card_inum returned error: No such file or directory
ALSA lib confmisc.c:422:(snd_func_concat) error evaluating strings
ALSA lib conf.c:5208:(_snd_config_evaluate) function snd_func_concat returned error: No such file or directory
ALSA lib confmisc.c:1342:(snd_func_refer) error evaluating name
ALSA lib conf.c:5208:(_snd_config_evaluate) function snd_func_refer returned error: No such file or directory
ALSA lib conf.c:5731:(snd_config_expand) Evaluate error: No such file or directory
ALSA lib control.c:1570:(snd_ctl_open_noupdate) Invalid CTL default
ALSA lib control.c:1570:(snd_ctl_open_noupdate) Invalid CTL pulse
Cannot connect to server socket err = No such file or directory
Cannot connect to server request channel
jack server is not running or cannot be started
JackShmReadWritePtr::~JackShmReadWritePtr - Init not done for -1, skipping unlock
JackShmReadWritePtr::~JackShmReadWritePtr - Init not done for -1, skipping unlock

RtApiJack::probeDevices: Jack server not found or connection error!


RtApiPulse::probeDevices: pa_context_connect() failed: Connection refused


RtApiPulse::probeDevices: pa_context_connect() failed: Connection refused

[2026-10-04 04:27:10.118] [EngineLog] [info] Number of devices found: 0

RtApiPulse::probeDevices: pa_context_connect() failed: Connection refused

Cannot connect to server socket err = No such file or directory
Cannot connect to server request channel
jack server is not running or cannot be started
JackShmReadWritePtr::~JackShmReadWritePtr - Init not done for -1, skipping unlock
JackShmReadWritePtr::~JackShmReadWritePtr - Init not done for -1, skipping unlock

MidiInJack::initialize: JACK server not running?

Cannot connect to server socket err = No such file or directory
Cannot connect to server request channel
jack server is not running or cannot be started
JackShmReadWritePtr::~JackShmReadWritePtr - Init not done for -1, skipping unlock
JackShmReadWritePtr::~JackShmReadWritePtr - Init not done for -1, skipping unlock

MidiInJack::initialize: JACK server not running?

Cannot connect to server socket err = No such file or directory
Cannot connect to server request channel
jack server is not running or cannot be started
JackShmReadWritePtr::~JackShmReadWritePtr - Init not done for -1, skipping unlock
JackShmReadWritePtr::~JackShmReadWritePtr - Init not done for -1, skipping unlock

MidiInJack::initialize: JACK server not running?

[2026-10-04 04:27:10.128] [EngineLog] [info] Descovered 0 MIDI input sources
[2026-10-04 04:27:10.128] [EngineLog] [info] Created MidiIn
Cannot connect to server socket err = No such file or directory
Cannot connect to server request channel
jack server is not running or cannot be started
JackShmReadWritePtr::~JackShmReadWritePtr - Init not done for -1, skipping unlock
JackShmReadWritePtr::~JackShmReadWritePtr - Init not done for -1, skipping unlock

MidiOutJack::initialize: JACK server not running?

Cannot connect to server socket err = No such file or directory
Cannot connect to server request channel
jack server is not running or cannot be started
JackShmReadWritePtr::~JackShmReadWritePtr - Init not done for -1, skipping unlock
JackShmReadWritePtr::~JackShmReadWritePtr - Init not done for -1, skipping unlock

MidiOutJack::initialize: JACK server not running?

Cannot connect to server socket err = No such file or directory
Cannot connect to server request channel
jack server is not running or cannot be started
JackShmReadWritePtr::~JackShmReadWritePtr - Init not done for -1, skipping unlock
JackShmReadWritePtr::~JackShmReadWritePtr - Init not done for -1, skipping unlock

MidiOutJack::initialize: JACK server not running?

[2026-10-04 04:27:10.139] [EngineLog] [info] Descovered 0 MIDI output sources
[2026-10-04 04:27:10.139] [EngineLog] [info] Created MidiOut
ALSA lib confmisc.c:855:(parse_card) cannot find card '0'
ALSA lib conf.c:5208:(_snd_config_evaluate) function snd_func_card_inum returned error: No such file or directory
ALSA lib confmisc.c:422:(snd_func_concat) error evaluating strings
ALSA lib conf.c:5208:(_snd_config_evaluate) function snd_func_concat returned error: No such file or directory
ALSA lib confmisc.c:1342:(snd_func_refer) error evaluating name
ALSA lib conf.c:5208:(_snd_config_evaluate) function snd_func_refer returned error: No such file or directory
ALSA lib conf.c:5731:(snd_config_expand) Evaluate error: No such file or directory
ALSA lib pcm.c:2721:(snd_pcm_open_noupdate) Unknown PCM default
ALSA lib confmisc.c:855:(parse_card) cannot find card '0'
ALSA lib conf.c:5208:(_snd_config_evaluate) function snd_func_card_id returned error: No such file or directory
ALSA lib confmisc.c:422:(snd_func_concat) error evaluating strings
ALSA lib conf.c:5208:(_snd_config_evaluate) function snd_func_concat returned error: No such file or directory
ALSA lib confmisc.c:1342:(snd_func_refer) error evaluating name
ALSA lib conf.c:5208:(_snd_config_evaluate) function snd_func_refer returned error: No such file or directory
ALSA lib conf.c:5731:(snd_config_expand) Evaluate error: No such file or directory
ALSA lib pcm.c:2721:(snd_pcm_open_noupdate) Unknown PCM dmix
ALSA lib confmisc.c:855:(parse_card) cannot find card '0'
ALSA lib conf.c:5208:(_snd_config_evaluate) function snd_func_card_id returned error: No such file or directory
ALSA lib confmisc.c:422:(snd_func_concat) error evaluating strings
ALSA lib conf.c:5208:(_snd_config_evaluate) function snd_func_concat returned error: No such file or directory
ALSA lib confmisc.c:1342:(snd_func_refer) error evaluating name
ALSA lib conf.c:5208:(_snd_config_evaluate) function snd_func_refer returned error: No such file or directory
ALSA lib conf.c:5731:(snd_config_expand) Evaluate error: No such file or directory
ALSA lib pcm.c:2721:(snd_pcm_open_noupdate) Unknown PCM dmix:0
ALSA lib confmisc.c:855:(parse_card) cannot find card '0'
ALSA lib conf.c:5208:(_snd_config_evaluate) function snd_func_card_id returned error: No such file or directory
ALSA lib confmisc.c:422:(snd_func_concat) error evaluating strings
ALSA lib conf.c:5208:(_snd_config_evaluate) function snd_func_concat returned error: No such file or directory
ALSA lib confmisc.c:1342:(snd_func_refer) error evaluating name
ALSA lib conf.c:5208:(_snd_config_evaluate) function snd_func_refer returned error: No such file or directory
ALSA lib conf.c:5731:(snd_config_expand) Evaluate error: No such file or directory
ALSA lib pcm.c:2721:(snd_pcm_open_noupdate) Unknown PCM dmix:0,0
ALSA lib confmisc.c:165:(snd_config_get_card) Cannot get card index for 0
ALSA lib confmisc.c:165:(snd_config_get_card) Cannot get card index for 0
ALSA lib confmisc.c:165:(snd_config_get_card) Cannot get card index for 0
Cannot connect to server socket err = No such file or directory
Cannot connect to server request channel
jack server is not running or cannot be started
JackShmReadWritePtr::~JackShmReadWritePtr - Init not done for -1, skipping unlock
JackShmReadWritePtr::~JackShmReadWritePtr - Init not done for -1, skipping unlock
[2026-10-04 04:27:10.143] [EngineLog] [info] AudioPlayback: file playback engine up (5 buses)
[2026-10-04 04:27:10.143] [EngineLog] [info] Created AudioManager
[2026-10-04 04:27:10.143] [EngineLog] [info] TimeManager initalized
[2026-10-04 04:27:10.143] [EngineLog] [info] Created VideoRecorder instance.
[2026-10-04 04:27:10.150] [EngineLog] [info] Loaded image width=1024, height=1053, channels=4
[2026-10-04 04:27:10.151] [EngineLog] [info] Freeing image data
[2026-10-04 04:27:10.160] [EngineLog] [info] Maximum nr of vertex attributes supported: 16
[2026-10-04 04:27:10.160] [EngineLog] [info] Max 3d texture size: 2048
[2026-10-04 04:27:10.160] [EngineLog] [info] Max uniform block size: 65536
[2026-10-04 04:27:10.160] [EngineLog] [info] Regestered component type=N12IRComponents21C_EntityEventHandlersE, sizeof=104 with id=407
[2026-10-04 04:27:10.160] [EngineLog] [info] Created archetype node with components: [ 407 ], id=29
[2026-10-04 04:27:10.160] [EngineLog] [info] Initalized game world
[2026-10-04 04:27:10.160] [ClientLog] [info] Starting creation: perf_grid
[2026-10-04 04:27:10.161] [ClientLog] [info] Registering lua type LuaEntity
[2026-10-04 04:27:10.161] [EngineLog] [info] Lua script loaded successfully: /home/runner/work/IrredenEngine/IrredenEngine/build/creations/demos/perf_grid/scripts/config.lua
[2026-10-04 04:27:10.161] [ClientLog] [warning] perf_grid voxel_set mode will allocate all 262144 voxels in the global pool; do not add particle or other voxel-pool consumers to this scene.
[2026-10-04 04:27:10.161] [EngineLog] [info] Regestered component type=N12IRComponents14C_PeriodicIdleE, sizeof=88 with id=409
[2026-10-04 04:27:10.161] [EngineLog] [info] Regestered component type=N12IRComponents11C_ModifiersE, sizeof=72 with id=410
[2026-10-04 04:27:10.161] [EngineLog] [info] Regestered component type=N12IRComponents13C_FogRevealedE, sizeof=8 with id=411
[2026-10-04 04:27:10.161] [EngineLog] [info] Regestered component type=N12IRComponents13C_VoxelSetNewE, sizeof=192 with id=412
[2026-10-04 04:27:10.161] [EngineLog] [info] Regestered component type=N12IRComponents11C_FogExemptE, sizeof=1 with id=413
[2026-10-04 04:27:10.161] [EngineLog] [info] Regestered component type=N12IRComponents10C_FogFieldE, sizeof=1 with id=414
[2026-10-04 04:27:10.161] [EngineLog] [info] Created GL buffer: 5
[2026-10-04 04:27:10.161] [EngineLog] [info] Created ResourceId=45, type=5
[2026-10-04 04:27:10.161] [EngineLog] [info]  Resource 45 named LightOcclusionGridBuffer
[2026-10-04 04:27:10.161] [EngineLog] [info] Regestered component type=N12IRComponents14C_CanvasCameraE, sizeof=32 with id=415
[2026-10-04 04:27:10.161] [EngineLog] [info] Regestered component type=N12IRComponents16C_CanvasFogOfWarE, sizeof=960 with id=416
[2026-10-04 04:27:10.166] [EngineLog] [info] Created ResourceId=46, type=4
[2026-10-04 04:27:10.166] [EngineLog] [info]  Resource 46 named VoxelCompactProgram
[2026-10-04 04:27:10.173] [EngineLog] [info] Created ResourceId=47, type=4
[2026-10-04 04:27:10.173] [EngineLog] [info]  Resource 47 named SingleVoxelProgram1
[2026-10-04 04:27:10.180] [EngineLog] [info] Created ResourceId=48, type=4
[2026-10-04 04:27:10.180] [EngineLog] [info]  Resource 48 named SingleVoxelProgram1Feeder
[2026-10-04 04:27:10.186] [EngineLog] [info] Created ResourceId=49, type=4
[2026-10-04 04:27:10.186] [EngineLog] [info]  Resource 49 named SingleVoxel2
[2026-10-04 04:27:10.193] [EngineLog] [info] Created ResourceId=50, type=4
[2026-10-04 04:27:10.193] [EngineLog] [info]  Resource 50 named SingleVoxelWinnerResolve
[2026-10-04 04:27:10.198] [EngineLog] [info] Created ResourceId=51, type=4
[2026-10-04 04:27:10.198] [EngineLog] [info]  Resource 51 named SingleVoxel2Winner
[2026-10-04 04:27:10.199] [EngineLog] [info] Created ResourceId=52, type=4
[2026-10-04 04:27:10.199] [EngineLog] [info]  Resource 52 named ChunkOcclusionProgram
[2026-10-04 04:27:10.199] [EngineLog] [info] Created ResourceId=53, type=4
[2026-10-04 04:27:10.199] [EngineLog] [info]  Resource 53 named PerAxisCellCompactProgram
[2026-10-04 04:27:10.199] [EngineLog] [info] Created ResourceId=54, type=4
[2026-10-04 04:27:10.199] [EngineLog] [info]  Resource 54 named PerAxisCellFinalizeProgram
[2026-10-04 04:27:10.200] [EngineLog] [info] Created ResourceId=55, type=4
[2026-10-04 04:27:10.200] [EngineLog] [info]  Resource 55 named PerAxisOverflowSortProgram
[2026-10-04 04:27:10.202] [EngineLog] [info] Created ResourceId=56, type=4
[2026-10-04 04:27:10.202] [EngineLog] [info]  Resource 56 named RevoxelizeDetachedProgram
[2026-10-04 04:27:10.202] [EngineLog] [info] Created GL buffer: 6
[2026-10-04 04:27:10.202] [EngineLog] [info] Created ResourceId=57, type=5
[2026-10-04 04:27:10.202] [EngineLog] [info]  Resource 57 named RevoxelizeDetachedParamsBuffer
[2026-10-04 04:27:10.202] [EngineLog] [info] Created GL buffer: 7
[2026-10-04 04:27:10.202] [EngineLog] [info] Created ResourceId=58, type=5
[2026-10-04 04:27:10.202] [EngineLog] [info]  Resource 58 named SingleVoxelFrameData
[2026-10-04 04:27:10.202] [EngineLog] [info] Created GL buffer: 8
[2026-10-04 04:27:10.202] [EngineLog] [info] Created ResourceId=59, type=5
[2026-10-04 04:27:10.202] [EngineLog] [info]  Resource 59 named PerAxisWinnerPlaceholder
[2026-10-04 04:27:10.203] [EngineLog] [info] Created GL buffer: 9
[2026-10-04 04:27:10.203] [EngineLog] [info] Created ResourceId=60, type=5
[2026-10-04 04:27:10.203] [EngineLog] [info]  Resource 60 named VoxelPositionBuffer
[2026-10-04 04:27:10.204] [EngineLog] [info] Created GL buffer: 10
[2026-10-04 04:27:10.204] [EngineLog] [info] Created ResourceId=61, type=5
[2026-10-04 04:27:10.204] [EngineLog] [info]  Resource 61 named VoxelColorBuffer
[2026-10-04 04:27:10.204] [EngineLog] [info] Created GL buffer: 11
[2026-10-04 04:27:10.204] [EngineLog] [info] Created ResourceId=62, type=5
[2026-10-04 04:27:10.204] [EngineLog] [info]  Resource 62 named VoxelActiveMaskBuffer
[2026-10-04 04:27:10.205] [EngineLog] [info] Created GL buffer: 12
[2026-10-04 04:27:10.205] [EngineLog] [info] Created ResourceId=63, type=5
[2026-10-04 04:27:10.205] [EngineLog] [info]  Resource 63 named VoxelEntityIdBuffer
[2026-10-04 04:27:10.205] [EngineLog] [info] Created GL buffer: 13
[2026-10-04 04:27:10.205] [EngineLog] [info] Created ResourceId=64, type=5
[2026-10-04 04:27:10.205] [EngineLog] [info]  Resource 64 named ChunkVisibilityBuffer
[2026-10-04 04:27:10.206] [EngineLog] [info] Created GL buffer: 14
[2026-10-04 04:27:10.206] [EngineLog] [info] Created ResourceId=65, type=5
[2026-10-04 04:27:10.206] [EngineLog] [info]  Resource 65 named CompactedVoxelIndices
[2026-10-04 04:27:10.206] [EngineLog] [info] Created GL buffer: 15
[2026-10-04 04:27:10.206] [EngineLog] [info] Created ResourceId=66, type=5
[2026-10-04 04:27:10.206] [EngineLog] [info]  Resource 66 named IndirectDispatchParams
[2026-10-04 04:27:10.207] [EngineLog] [info] Created GL buffer: 16
[2026-10-04 04:27:10.207] [EngineLog] [info] Created ResourceId=67, type=5
[2026-10-04 04:27:10.207] [EngineLog] [info]  Resource 67 named PerAxisCompactedVoxelIndices
[2026-10-04 04:27:10.207] [EngineLog] [info] Created GL buffer: 17
[2026-10-04 04:27:10.207] [EngineLog] [info] Created ResourceId=68, type=5
[2026-10-04 04:27:10.207] [EngineLog] [info]  Resource 68 named PerAxisIndirectDispatchParams
[2026-10-04 04:27:10.207] [EngineLog] [info] Created ResourceId=69, type=1
[2026-10-04 04:27:10.207] [EngineLog] [info]  Resource 69 named FogCullVisiblePlaceholder
[2026-10-04 04:27:10.207] [EngineLog] [info] Created GL buffer: 18
[2026-10-04 04:27:10.207] [EngineLog] [info] Created ResourceId=70, type=5
[2026-10-04 04:27:10.207] [EngineLog] [info]  Resource 70 named FogCullObservers
[2026-10-04 04:27:10.207] [EngineLog] [info] Created GL buffer: 19
[2026-10-04 04:27:10.207] [EngineLog] [info] Created ResourceId=71, type=5
[2026-10-04 04:27:10.207] [EngineLog] [info]  Resource 71 named ChunkOcclusionQueryBuffer
[2026-10-04 04:27:10.212] [EngineLog] [info] Created ResourceId=72, type=4
[2026-10-04 04:27:10.212] [EngineLog] [info]  Resource 72 named ShapesToTrixelDepthProgram
[2026-10-04 04:27:10.216] [EngineLog] [info] Created ResourceId=73, type=4
[2026-10-04 04:27:10.216] [EngineLog] [info]  Resource 73 named ShapesToTrixelPublishProgram
[2026-10-04 04:27:10.221] [EngineLog] [info] Created ResourceId=74, type=4
[2026-10-04 04:27:10.221] [EngineLog] [info]  Resource 74 named ShapesToTrixelCasterProgram
[2026-10-04 04:27:10.225] [EngineLog] [info] Created ResourceId=75, type=4
[2026-10-04 04:27:10.225] [EngineLog] [info]  Resource 75 named ShapesToTrixelOwnerProgram
[2026-10-04 04:27:10.225] [EngineLog] [info] Created GL buffer: 20
[2026-10-04 04:27:10.225] [EngineLog] [info] Created ResourceId=76, type=5
[2026-10-04 04:27:10.225] [EngineLog] [info]  Resource 76 named ShapesFrameDataBuffer
[2026-10-04 04:27:10.225] [EngineLog] [info] Created GL buffer: 21
[2026-10-04 04:27:10.225] [EngineLog] [info] Created ResourceId=77, type=5
[2026-10-04 04:27:10.225] [EngineLog] [info]  Resource 77 named JointTransformBuffer
[2026-10-04 04:27:10.225] [EngineLog] [info] Created GL buffer: 22
[2026-10-04 04:27:10.225] [EngineLog] [info] Created ResourceId=78, type=5
[2026-10-04 04:27:10.225] [EngineLog] [info]  Resource 78 named AnimationParamsBuffer
[2026-10-04 04:27:10.225] [EngineLog] [info] Regestered component type=N12IRComponents17C_ShapeDescriptorE, sizeof=48 with id=417
[2026-10-04 04:27:10.227] [EngineLog] [info] Created ResourceId=79, type=4
[2026-10-04 04:27:10.227] [EngineLog] [info]  Resource 79 named ComputeVoxelAOProgram
[2026-10-04 04:27:10.227] [EngineLog] [info] Regestered component type=N12IRComponents17C_CanvasAOTextureE, sizeof=16 with id=418
[2026-10-04 04:27:10.228] [EngineLog] [info] Created ResourceId=80, type=4
[2026-10-04 04:27:10.228] [EngineLog] [info]  Resource 80 named ResolvePerAxisScreenDepthProgram
[2026-10-04 04:27:10.228] [EngineLog] [info] Created ResourceId=81, type=4
[2026-10-04 04:27:10.228] [EngineLog] [info]  Resource 81 named ResolvePerAxisBlitProgram
[2026-10-04 04:27:10.228] [EngineLog] [info] Created ResourceId=82, type=4
[2026-10-04 04:27:10.228] [EngineLog] [info]  Resource 82 named BuildDistanceHiZProgram
[2026-10-04 04:27:10.229] [EngineLog] [info] Created ResourceId=83, type=4
[2026-10-04 04:27:10.229] [EngineLog] [info]  Resource 83 named ClearSunShadowMapProgram
[2026-10-04 04:27:10.230] [EngineLog] [info] Created ResourceId=84, type=4
[2026-10-04 04:27:10.230] [EngineLog] [info]  Resource 84 named BakeSunShadowMapProgram
[2026-10-04 04:27:10.231] [EngineLog] [info] Created ResourceId=85, type=4
[2026-10-04 04:27:10.231] [EngineLog] [info]  Resource 85 named ResolveWorldPlacedDepthProgram
[2026-10-04 04:27:10.231] [EngineLog] [info] Created ResourceId=86, type=4
[2026-10-04 04:27:10.231] [EngineLog] [info]  Resource 86 named WorldPlacedDepthBlitProgram
[2026-10-04 04:27:10.233] [EngineLog] [info] Created GL buffer: 23
[2026-10-04 04:27:10.233] [EngineLog] [info] Created ResourceId=87, type=5
[2026-10-04 04:27:10.233] [EngineLog] [info]  Resource 87 named SunShadowDepthMap
[2026-10-04 04:27:10.233] [EngineLog] [info] Regestered component type=N12IRComponents17C_CanvasSunShadowE, sizeof=16 with id=419
[2026-10-04 04:27:10.233] [EngineLog] [info] Created GL buffer: 24
[2026-10-04 04:27:10.233] [EngineLog] [info] Created ResourceId=88, type=5
[2026-10-04 04:27:10.233] [EngineLog] [info]  Resource 88 named AnalyticCasterFrameBuffer
[2026-10-04 04:27:10.236] [EngineLog] [info] Created ResourceId=89, type=4
[2026-10-04 04:27:10.236] [EngineLog] [info]  Resource 89 named BoxSunShadowProgram
[2026-10-04 04:27:10.238] [EngineLog] [info] Created ResourceId=90, type=4
[2026-10-04 04:27:10.238] [EngineLog] [info]  Resource 90 named VoxelSunFacesProgram
[2026-10-04 04:27:10.238] [EngineLog] [info] Created GL buffer: 25
[2026-10-04 04:27:10.238] [EngineLog] [info] Created ResourceId=91, type=5
[2026-10-04 04:27:10.238] [EngineLog] [info]  Resource 91 named VoxelSunFaceFrameBuffer
[2026-10-04 04:27:10.238] [EngineLog] [info] Created GL buffer: 26
[2026-10-04 04:27:10.238] [EngineLog] [info] Created ResourceId=92, type=5
[2026-10-04 04:27:10.238] [EngineLog] [info]  Resource 92 named DetachedShadowFrameBuffer
[2026-10-04 04:27:10.250] [EngineLog] [info] Created ResourceId=93, type=4
[2026-10-04 04:27:10.250] [EngineLog] [info]  Resource 93 named ComputeSunShadowProgram
[2026-10-04 04:27:10.262] [EngineLog] [info] Created ResourceId=94, type=4
[2026-10-04 04:27:10.262] [EngineLog] [info]  Resource 94 named ComputeSunShadowShapesProgram
[2026-10-04 04:27:10.262] [EngineLog] [info] Created GL buffer: 27
[2026-10-04 04:27:10.262] [EngineLog] [info] Created ResourceId=95, type=5
[2026-10-04 04:27:10.262] [EngineLog] [info]  Resource 95 named ComputeSunShadowFrameData
[2026-10-04 04:27:10.262] [EngineLog] [info] Created GL buffer: 28
[2026-10-04 04:27:10.262] [EngineLog] [info] Created ResourceId=96, type=5
[2026-10-04 04:27:10.262] [EngineLog] [info]  Resource 96 named ShapeReceiverFrameData
[2026-10-04 04:27:10.262] [EngineLog] [info] Created GL buffer: 29
[2026-10-04 04:27:10.262] [EngineLog] [info] Created ResourceId=97, type=5
[2026-10-04 04:27:10.262] [EngineLog] [info]  Resource 97 named ShapeReceiverFallback
[2026-10-04 04:27:10.263] [EngineLog] [info] Created ResourceId=98, type=4
[2026-10-04 04:27:10.263] [EngineLog] [info]  Resource 98 named ClearLightVolumeProgram
[2026-10-04 04:27:10.263] [EngineLog] [info] Created ResourceId=99, type=4
[2026-10-04 04:27:10.263] [EngineLog] [info]  Resource 99 named SeedLightVolumeProgram
[2026-10-04 04:27:10.264] [EngineLog] [info] Created ResourceId=100, type=4
[2026-10-04 04:27:10.264] [EngineLog] [info]  Resource 100 named PropagateLightVolumeProgram
[2026-10-04 04:27:10.264] [EngineLog] [info] Created GL buffer: 30
[2026-10-04 04:27:10.264] [EngineLog] [info] Created ResourceId=101, type=5
[2026-10-04 04:27:10.264] [EngineLog] [info]  Resource 101 named LightSourceBuffer
[2026-10-04 04:27:10.264] [EngineLog] [info] Created GL buffer: 31
[2026-10-04 04:27:10.264] [EngineLog] [info] Created ResourceId=102, type=5
[2026-10-04 04:27:10.264] [EngineLog] [info]  Resource 102 named LightVolumeParamsBuffer
[2026-10-04 04:27:10.264] [EngineLog] [info] Regestered component type=N12IRComponents19C_CanvasLightVolumeE, sizeof=80 with id=420
[2026-10-04 04:27:10.278] [EngineLog] [info] Created ResourceId=103, type=4
[2026-10-04 04:27:10.278] [EngineLog] [info]  Resource 103 named LightingToTrixelProgram
[2026-10-04 04:27:10.292] [EngineLog] [info] Created ResourceId=104, type=4
[2026-10-04 04:27:10.292] [EngineLog] [info]  Resource 104 named LightingToTrixelShapesProgram
[2026-10-04 04:27:10.301] [EngineLog] [info] Created ResourceId=105, type=4
[2026-10-04 04:27:10.301] [EngineLog] [info]  Resource 105 named LightOverflowFacesProgram
[2026-10-04 04:27:10.301] [EngineLog] [info] Created GL buffer: 32
[2026-10-04 04:27:10.301] [EngineLog] [info] Created ResourceId=106, type=5
[2026-10-04 04:27:10.301] [EngineLog] [info]  Resource 106 named LightingToTrixelFrameData
[2026-10-04 04:27:10.301] [EngineLog] [info] Created ResourceId=107, type=1
[2026-10-04 04:27:10.301] [EngineLog] [info]  Resource 107 named PaletteLUT_Nearest
[2026-10-04 04:27:10.301] [EngineLog] [info] Created ResourceId=108, type=1
[2026-10-04 04:27:10.301] [EngineLog] [info]  Resource 108 named PaletteLUT_Linear
[2026-10-04 04:27:10.303] [EngineLog] [info] Created ResourceId=109, type=4
[2026-10-04 04:27:10.303] [EngineLog] [info]  Resource 109 named FogToTrixelProgram
[2026-10-04 04:27:10.305] [EngineLog] [info] Created ResourceId=110, type=4
[2026-10-04 04:27:10.305] [EngineLog] [info]  Resource 110 named FogOverflowFacesProgram
[2026-10-04 04:27:10.305] [EngineLog] [info] Created GL buffer: 33
[2026-10-04 04:27:10.305] [EngineLog] [info] Created ResourceId=111, type=5
[2026-10-04 04:27:10.305] [EngineLog] [info]  Resource 111 named FogObserverData
[2026-10-04 04:27:10.305] [EngineLog] [info] Regestered component type=N8IRSystem21C_PerfStatsOverlayTagE, sizeof=1 with id=421
[2026-10-04 04:27:10.306] [EngineLog] [info] Created ResourceId=112, type=4
[2026-10-04 04:27:10.306] [EngineLog] [info]  Resource 112 named TextToTrixelProgram
[2026-10-04 04:27:10.306] [EngineLog] [info] Created GL buffer: 34
[2026-10-04 04:27:10.306] [EngineLog] [info] Created ResourceId=113, type=5
[2026-10-04 04:27:10.306] [EngineLog] [info]  Resource 113 named FontDataBuffer
[2026-10-04 04:27:10.306] [EngineLog] [info] Created GL buffer: 35
[2026-10-04 04:27:10.306] [EngineLog] [info] Created ResourceId=114, type=5
[2026-10-04 04:27:10.306] [EngineLog] [info]  Resource 114 named GlyphDrawCommandBuffer
[2026-10-04 04:27:10.306] [EngineLog] [info] Regestered component type=N12IRComponents13C_TextSegmentE, sizeof=32 with id=422
[2026-10-04 04:27:10.306] [EngineLog] [info] Regestered component type=N12IRComponents13C_GuiPositionE, sizeof=8 with id=423
[2026-10-04 04:27:10.306] [EngineLog] [info] Regestered component type=N12IRComponents12C_GuiElementE, sizeof=1 with id=424
[2026-10-04 04:27:10.306] [EngineLog] [info] Regestered component type=N12IRComponents11C_TextStyleE, sizeof=28 with id=425
[2026-10-04 04:27:10.324] [EngineLog] [info] Created ResourceId=115, type=4
[2026-10-04 04:27:10.324] [EngineLog] [info]  Resource 115 named CanvasShapeLightingProgram
[2026-10-04 04:27:10.326] [EngineLog] [info] Created ResourceId=116, type=4
[2026-10-04 04:27:10.326] [EngineLog] [info]  Resource 116 named CanvasToFramebufferProgram
[2026-10-04 04:27:10.343] [EngineLog] [info] Created ResourceId=117, type=4
[2026-10-04 04:27:10.344] [EngineLog] [info]  Resource 117 named CanvasSurfaceShadowProbeProgram
[2026-10-04 04:27:10.346] [EngineLog] [info] Created ResourceId=118, type=4
[2026-10-04 04:27:10.346] [EngineLog] [info]  Resource 118 named PerAxisScatterProgram
[2026-10-04 04:27:10.363] [EngineLog] [info] Created ResourceId=119, type=4
[2026-10-04 04:27:10.363] [EngineLog] [info]  Resource 119 named PerAxisSurfaceShadowProbeProgram
[2026-10-04 04:27:10.381] [EngineLog] [info] Created ResourceId=120, type=4
[2026-10-04 04:27:10.381] [EngineLog] [info]  Resource 120 named PerAxisSurfaceLightingProgram
[2026-10-04 04:27:10.398] [EngineLog] [info] Created ResourceId=121, type=4
[2026-10-04 04:27:10.398] [EngineLog] [info]  Resource 121 named PerAxisVisibleLightingProgram
[2026-10-04 04:27:10.398] [EngineLog] [info] Created GL buffer: 36
[2026-10-04 04:27:10.398] [EngineLog] [info] Created ResourceId=122, type=5
[2026-10-04 04:27:10.398] [EngineLog] [info]  Resource 122 named TrixelToFramebufferFrameData
[2026-10-04 04:27:10.398] [EngineLog] [info] Created GL buffer: 37
[2026-10-04 04:27:10.398] [EngineLog] [info] Created ResourceId=123, type=5
[2026-10-04 04:27:10.398] [EngineLog] [info]  Resource 123 named HoveredEntityIdBuffer
[2026-10-04 04:27:10.398] [EngineLog] [info] Regestered component type=N12IRComponents16C_DetachedCanvasE, sizeof=1 with id=426
[2026-10-04 04:27:10.399] [EngineLog] [info] Created ResourceId=124, type=4
[2026-10-04 04:27:10.399] [EngineLog] [info]  Resource 124 named FramebufferToScreenProgram
[2026-10-04 04:27:10.399] [EngineLog] [info] Created GL buffer: 38
[2026-10-04 04:27:10.399] [EngineLog] [info] Created ResourceId=125, type=5
[2026-10-04 04:27:10.399] [EngineLog] [info]  Resource 125 named FramebufferToScreenFrameData
[2026-10-04 04:27:10.399] [ClientLog] [info] Creating perf_grid mode=voxel_set grid_size=64 entity_count=262144 spacing=1 wave_mode=per_cell wave_amplitude=5 wave_period=4
[2026-10-04 04:27:10.399] [EngineLog] [info] Created archetype node with components: [ 256 257 409 ], id=30
[2026-10-04 04:27:10.399] [EngineLog] [info] Created archetype node with components: [ 256 257 409 410 ], id=31
[2026-10-04 04:27:10.399] [EngineLog] [info] Created archetype node with components: [ 256 257 409 410 412 ], id=32
[2026-10-04 04:27:11.922] [EngineLog] [info] Created ResourceId=126, type=1
[2026-10-04 04:27:11.922] [EngineLog] [info] Created archetype node with components: [ 256 257 385 392 393 394 395 396 397 398 405 418 ], id=33
[2026-10-04 04:27:11.926] [EngineLog] [info] Created ResourceId=127, type=1
[2026-10-04 04:27:11.926] [EngineLog] [info] Created archetype node with components: [ 256 257 385 392 393 394 395 396 397 398 405 418 419 ], id=34
[2026-10-04 04:27:11.928] [EngineLog] [info] Created ResourceId=128, type=2
[2026-10-04 04:27:11.928] [EngineLog] [info] Created ResourceId=129, type=2
[2026-10-04 04:27:11.929] [EngineLog] [info] Created ResourceId=130, type=2
[2026-10-04 04:27:11.929] [EngineLog] [info] Created ResourceId=131, type=2
[2026-10-04 04:27:11.929] [EngineLog] [info] Created archetype node with components: [ 256 257 385 392 393 394 395 396 397 398 405 418 419 420 ], id=35
[2026-10-04 04:27:11.933] [EngineLog] [info] Created archetype node with components: [ 256 257 385 392 393 394 395 396 397 398 405 406 ], id=36
[2026-10-04 04:27:11.933] [EngineLog] [info] Created archetype node with components: [ 256 257 385 392 393 394 395 396 397 398 405 406 418 ], id=37
[2026-10-04 04:27:11.933] [EngineLog] [info] Created archetype node with components: [ 256 257 385 392 393 394 395 396 397 398 405 406 418 419 ], id=38
[2026-10-04 04:27:11.933] [EngineLog] [info] Created archetype node with components: [ 256 257 385 392 393 394 395 396 397 398 405 406 418 419 420 ], id=39
[2026-10-04 04:27:11.934] [ClientLog] [info] FOG-WINDOW edge=1152 canvas=642x722 coveredRadius=543
[2026-10-04 04:27:11.934] [EngineLog] [info] Created ResourceId=132, type=1
[2026-10-04 04:27:11.934] [EngineLog] [info] Created ResourceId=133, type=1
[2026-10-04 04:27:11.935] [EngineLog] [info] Created archetype node with components: [ 256 257 385 392 393 394 395 396 397 398 405 406 416 ], id=40
[2026-10-04 04:27:11.935] [EngineLog] [info] Created archetype node with components: [ 256 257 385 392 393 394 395 396 397 398 405 406 416 418 ], id=41
[2026-10-04 04:27:11.935] [EngineLog] [info] Created archetype node with components: [ 256 257 385 392 393 394 395 396 397 398 405 406 416 418 419 ], id=42
[2026-10-04 04:27:11.935] [EngineLog] [info] Created archetype node with components: [ 256 257 385 392 393 394 395 396 397 398 405 406 416 418 419 420 ], id=43
[2026-10-04 04:27:11.937] [EngineLog] [info] Regestered component type=N12IRComponents13C_LightSourceE, sizeof=36 with id=262572
[2026-10-04 04:27:11.937] [EngineLog] [info] Created archetype node with components: [ 256 257 262572 ], id=44
[2026-10-04 04:27:11.937] [ClientLog] [info] Initial camera zoom: requested=4, actual=4
[2026-10-04 04:27:11.937] [ClientLog] [info] Initial camera yaw: requested_rad=0.000000 yaw_deg=0.000 residual_deg=0.0000
[2026-10-04 04:27:11.947] [EngineLog] [info] Regestered component type=N12IRComponents16C_ResolvedFieldsE, sizeof=72 with id=262573
[2026-10-04 04:27:11.952] [EngineLog] [info] Regestered component type=N12IRComponents19C_FogRevealSettingsE, sizeof=12 with id=262574
[2026-10-04 04:27:11.952] [EngineLog] [info] Created archetype node with components: [ 262574 ], id=45
[2026-10-04 04:27:11.997] [EngineLog] [info] Created archetype node with components: [ 256 257 409 410 411 ], id=46
[2026-10-04 04:27:11.997] [EngineLog] [info] Created archetype node with components: [ 256 257 409 410 411 412 ], id=47
[2026-10-04 04:27:13.336] [EngineLog] [warning] Update took 1398.362089 ms
[2026-10-04 04:27:13.339] [EngineLog] [info] Regestered component type=N12IRComponents14C_LightBlockerE, sizeof=8 with id=262576
[2026-10-04 04:27:13.344] [EngineLog] [info] Regestered component type=N12IRComponents26C_TriangleCanvasBackgroundE, sizeof=240 with id=262577
[2026-10-04 04:27:13.346] [EngineLog] [info] Voxel render mode=2, base_subdivisions=1, zoom_scale=4, effective_subdivisions=4
[2026-10-04 04:27:13.968] [EngineLog] [info] Created GL buffer: 39
[2026-10-04 04:27:13.968] [EngineLog] [info] Created ResourceId=134, type=5
[2026-10-04 04:27:14.721] [EngineLog] [info] Regestered component type=N12IRComponents14C_EntityCanvasE, sizeof=24 with id=262578
[2026-10-04 04:27:14.721] [EngineLog] [info] Regestered component type=N12IRComponents16C_ActiveLodLevelE, sizeof=4 with id=262579
[2026-10-04 04:27:14.721] [EngineLog] [info] Regestered component type=N12IRComponents17C_LodTierOverrideE, sizeof=4 with id=262580
[2026-10-04 04:27:15.151] [EngineLog] [info] Created archetype node with components: [ 256 257 421 ], id=48
[2026-10-04 04:27:15.151] [EngineLog] [info] Created archetype node with components: [ 256 257 421 422 ], id=49
[2026-10-04 04:27:15.151] [EngineLog] [info] Created archetype node with components: [ 256 257 421 422 423 ], id=50
[2026-10-04 04:27:15.151] [EngineLog] [info] Created archetype node with components: [ 256 257 421 422 423 424 ], id=51
[2026-10-04 04:27:15.151] [EngineLog] [info] Created archetype node with components: [ 256 257 421 422 423 424 425 ], id=52
[2026-10-04 04:27:29.124] [EngineLog] [warning] Update took 17.948562 ms
[2026-10-04 04:27:43.099] [EngineLog] [warning] Update took 18.212049 ms
[2026-10-04 04:27:58.924] [EngineLog] [warning] Update took 17.982177 ms
[2026-10-04 04:28:12.884] [EngineLog] [warning] Update took 17.169574 ms
[2026-10-04 04:28:28.684] [EngineLog] [warning] Update took 17.822908 ms
[2026-10-04 04:28:42.656] [EngineLog] [warning] Update took 17.687716 ms
[2026-10-04 04:28:58.475] [EngineLog] [warning] Update took 16.920509 ms
[2026-10-04 04:29:12.286] [ClientLog] [info] Auto-profile: 60 frames collected, exiting
[2026-10-04 04:29:12.286] [ClientLog] [info] Auto-profile stats — FPS:0.0 frame:1992.062ms
[2026-10-04 04:29:12.286] [ClientLog] [info] Auto-profile mean — frame:1985.288ms sd:13.721 n:45
[2026-10-04 04:29:12.286] [ClientLog] [info] FOG-RESTAMP voxels=0.0 sd=0.0 max=0 n=45
[2026-10-04 04:29:12.286] [ClientLog] [info] Auto-profile mean CPU — voxelStage1:1376.002ms sd:9.789 n:45
[2026-10-04 04:29:12.286] [ClientLog] [info] Auto-profile mean CPU — voxelStage2:0.000ms sd:0.000 n:45
[2026-10-04 04:29:12.286] [ClientLog] [info] Auto-profile mean CPU — voxelCompact:0.000ms sd:0.000 n:45
[2026-10-04 04:29:12.286] [ClientLog] [info] Auto-profile mean CPU — input:0.750ms sd:0.042 n:45
[2026-10-04 04:29:12.286] [ClientLog] [info] Auto-profile mean CPU — update:142.251ms sd:1.729 n:45
[2026-10-04 04:29:12.286] [ClientLog] [info] Auto-profile mean CPU — render:1841.948ms sd:13.445 n:45
[2026-10-04 04:29:12.286] [ClientLog] [info] Auto-profile CPU — voxelStage1:1372.045 voxelStage2:0.000 voxelCompact:0.000 input:0.725 update:143.062 render:1839.191
[2026-10-04 04:29:12.286] [ClientLog] [info] Auto-profile CPU-scope — render: 1839.191ms
[2026-10-04 04:29:12.286] [ClientLog] [info] Auto-profile CPU-scope — voxelStage1: 1372.045ms
[2026-10-04 04:29:12.286] [ClientLog] [info] Auto-profile CPU-scope — computeLightVolume: 416.243ms
[2026-10-04 04:29:12.286] [ClientLog] [info] Auto-profile CPU-scope — update: 143.062ms
[2026-10-04 04:29:12.286] [ClientLog] [info] Auto-profile CPU-scope — voxelSunFaces: 102.598ms
[2026-10-04 04:29:12.286] [ClientLog] [info] Auto-profile CPU-scope — trixelToFb: 22.483ms
[2026-10-04 04:29:12.286] [ClientLog] [info] Auto-profile CPU-scope — computeVoxelAO: 7.631ms
[2026-10-04 04:29:12.286] [ClientLog] [info] Auto-profile CPU-scope — lightingToTrixel: 6.130ms
[2026-10-04 04:29:12.286] [ClientLog] [info] Auto-profile CPU-scope — computeSunShadow: 5.963ms
[2026-10-04 04:29:12.286] [ClientLog] [info] Auto-profile CPU-scope — buildLightOcclusionGrid: 2.546ms
[2026-10-04 04:29:12.286] [ClientLog] [info] Auto-profile CPU-scope — fogToTrixel: 1.477ms
[2026-10-04 04:29:12.286] [ClientLog] [info] Auto-profile CPU-scope — textToTrixel: 1.090ms
[2026-10-04 04:29:12.286] [ClientLog] [info] Auto-profile CPU-scope — fbToScreen: 1.070ms
[2026-10-04 04:29:12.286] [ClientLog] [info] Auto-profile CPU-scope — input: 0.725ms
[2026-10-04 04:29:12.286] [ClientLog] [info] Auto-profile CPU-scope — vs1_clear: 0.561ms
[2026-10-04 04:29:12.286] [ClientLog] [info] Auto-profile CPU-scope — vs1_pos: 0.252ms
[2026-10-04 04:29:12.286] [ClientLog] [info] Auto-profile CPU-scope — bakeSunShadowMap: 0.053ms
[2026-10-04 04:29:12.286] [ClientLog] [info] Auto-profile CPU-scope — resolvePerAxisScreenDepth: 0.026ms
[2026-10-04 04:29:12.286] [ClientLog] [info] Auto-profile CPU-scope — fogWindowGather: 0.013ms
[2026-10-04 04:29:12.286] [ClientLog] [info] Auto-profile CPU-scope — shapeEncode: 0.000ms
[2026-10-04 04:29:12.286] [ClientLog] [info] Auto-profile GPU — canvasClear:0.000 voxelCompact:505.532 voxelStage1:401.311 voxelCardinalElect:354.563 voxelStage2:7.811
[2026-10-04 04:29:12.289] [EngineLog] [info] Profile report written to save_files/profile_report.txt (60 frames)
[2026-10-04 04:29:14.939] [EngineLog] [info] Dumped profiling blocks, result=9919929
[2026-10-04 04:29:14.939] [EngineLog] [info] Clean shutdown complete.
